
> evidence-quest@0.1.0 test:contracts
> npm run build:contracts && tsc -p tsconfig.checks.json && node scripts/prepare-checks.mjs && node --test .cache/checks/checks/*.test.js


> evidence-quest@0.1.0 build:contracts
> node scripts/build-contracts.mjs

Generated 48 schema-linked types and 8 standalone validators.
✔ authored and direct help count only native display; empty drafts make no request and no invented reading (30.8736ms)
✔ closed replies stay held; focused fallback survives arrival and wins once over duplicate/late selection (7.5694ms)
✔ relevant edits tombstone requests; save/focus/settings/movement do not; malformed/timeout fall back (7.006ms)
✔ valid current live proposal is still undisplayed until native acknowledgment and rejects hidden source references (5.6303ms)
✔ schema-linked fixed identity, tuple and puppet types retain selected contracts (0.6113ms)
✔ E2 source slices cannot turn the first frame or photo into later recording/notice facts (3.0323ms)
✔ all physical copies share exact canonical E6/E7 and no collection grants their reading (1.637ms)
✔ ER13 opening is skippable, persists beats, and adds no source or puzzle outcomes; legacy restore preserves case (18.8229ms)
✔ ER13 reading and vocabulary records do not imply source reading, fluency, or gameplay success (5.0949ms)
✔ ER13 live provider uses canonical displayed sources, strict eligible projection, and bounded real fetch path (35.1607ms)
✔ T.VISIBILITY.RETURN preserves the open private draft, ignores duplicate return and never records a learning outcome (10.5547ms)
✔ T.VISIBILITY.HIDE/RETURN settles one active cue, preserves mode, and requires explicit Continue after acknowledgment (3.6052ms)
✔ G5: successful-first and recoverable placement lead to actual repair, baking and witnessed thanks (531.4069ms)
✔ G5: permission, material reach and scene preview are actual prerequisites; interruptions settle transfers once (83.5834ms)
✔ G5: invalid resource histories reject instead of fabricating tile or loaf progress (19.1871ms)
✔ Reading correction: an unshaped batch has a world consequence, retries from dry flour and preserves the repaired roof (146.2066ms)
✔ Full chapter: all nine actual outcomes, six records and immutable ending replay (2394.9484ms)
✔ Changed plans require actual updated invitations without deleting the writing (193.7087ms)
✔ Unsecured bridge actually fails, preserving possessions and all other progress (45.9578ms)
✔ A later edit never silently replaces Sol’s selected contribution (125.2701ms)
✔ Encounter v2 upgrades without inventing full-chapter completion (36.1589ms)
✔ Feedback: owned context, unavailable operation makes zero calls, malformed and stale proposals rejected (0.6993ms)
✔ Temporary audio encoding has a bounded mono WAV header and no persistence (0.1921ms)
✔ Listening assessment requires acoustic evidence and an explicit qualification policy (1.6334ms)
✔ Phrase help explains the actual phrase; Duet title withholds unread story details (0.2972ms)
✔ Reject invented outcome records and mismatched ending attendance on save (0.58ms)
✔ Word jobs bind one occurrence to the current sentence and cannot replace reviewed meanings (136.0387ms)
✔ Continuity: dock duty precedes account, and offers follow the complete untimed conversation (35.7556ms)
✔ Continuity: Help, close and checksummed reload retain partial dialogue without inventing commitments (30.3377ms)
✔ Continuity: Grandma-first physical play stays open; planning needs an actual account and report, never a page quota (116.6697ms)
✔ Continuity: remote rereading never completes a conversation or transfers an absent character’s page (34.4959ms)
✔ Continuity: Rina introduces the tile before permission; Sol presents the draft before choosing its ending (258.1372ms)
✔ Continuity: synthetic legacy opened-only and committed saves are distinguished without resetting progress (1.0543ms)
✔ Continuous gathering keeps the entire original and chosen ending, committing only after the last automatic segment (9.8128ms)
✔ Mara and Grandma share every paragraph once while preserving the earlier playable bird repair (12.3781ms)
✔ Continuous playback rejects paused, overlay, background and obsolete callbacks and restores without completing a story (5.8717ms)
✔ Caption fallback progresses the full telling by elapsed time and stops for reading support (150.9551ms)
✔ Loop automatically finishes all four actual pictures, safely replays, and preserves an interrupted saved picture (16.4891ms)
✔ Finale: both actual memory placements settle once across interruption without changing the seed or earlier events (12.0325ms)
✔ Finale: nine source outcomes keep exact performed words and actual attendee pictures through closing and replay (266.9666ms)
✔ Finale: finished replay starts at one; interrupted replay resumes its exact last picture, including picture four (13.9002ms)
✔ Finale: particular waiting and recorded flowers retain source return, ownership and selected words (16.4616ms)
✔ Gathering arrival commits each physical stage once and never invents arrival on reload (471.0113ms)
✔ Actual speaking turns preserve exact selected words and paragraph through source support and reload (305.5756ms)
✔ Draft discussion and Grandma’s knowledge require actual spoken turns; corrupt phase claims are rejected (263.5524ms)
✔ Changing the selected wording preserves compatible invitations and Grandma’s readiness report (191.8436ms)
✔ G2-I01: nested sources, backpack and Help return to their actual parent without walking (21.8619ms)
✔ G2-I01/I06: a construction note and Pause preserve the construction return, cancel only the unplaced move (32.8233ms)
✔ G2-I03: a page handoff leaves the reader, settles once on interruption, and returns to Mara (35.6584ms)
✔ G2-I04/I06: rehearsal has exact immutable input, no live-world effects, and freezes under Help (317.5833ms)
✔ G2-I04: a prepared rehearsal never overwrites the child draft before or after selection (172.1596ms)
✔ G2-I05: plan preview cannot invite, advance time, or accept Mara during her working hours (46.8943ms)
✔ G4: dock duty, either offer order, actual request and prior spontaneous agreement stay distinct (312.3403ms)
✔ G4: source alone never shares; actual repair and return preserve current-day facts, both pictures and repeat telling (237.2629ms)
✔ G4: consent, actual tape pickup and durable strip survive reload; previews and travel cancel on support (71.1233ms)
✔ G4: authored reach and withdrawal precede control, survive interruption and cannot advance pending garden growth (165.034ms)
✔ Prepared relay is not a report, invitation, page handoff or time agreement; only actual delivery informs Grandma (89.9204ms)
✔ Own wording survives support/reload, needs intentional confirmation, and delivered words cannot be rewritten by drafts (68.1589ms)
✔ Blank or unconfirmed own message retains a prepared route; the game does not claim semantic validation (56.6914ms)
✔ Old completed reports remain valid without inventing delivered child words from old feedback answers (57.5ms)
✔ Reading references bind the exact displayed text without claiming canonical source identity (4.1168ms)
✔ Local cancellation invalidates late speech callbacks and synchronously clears the registered owner (0.2958ms)
✔ Word support preserves dynamic text provenance and selected offsets in long writing (1.1814ms)
✔ Dynamic vocabulary uses the actual context, never a different character or story event (0.2464ms)
✔ Reading pages preserve the complete text while every recording reference is bounded (1.8782ms)
✔ Read-screen inspection preserves an unplaced choice and cannot perform it (3.0428ms)
✔ Complete-story reading preserves source order and uses the performed ending instead of later edits (0.4709ms)
✔ G3: generous visible post previews retain explicit placement, orientation, join and actual crossing (56.6895ms)
✔ G3: no/near/far anchors survive collapse and reload; free movement cannot switch rope identity (377.1101ms)
✔ G3: boat navigation, wrong landing, obstruction, pause, reload, explicit unload and real receipt (42.4898ms)
✔ G3: first Grandma visit can agree only the later time after a real report, without a page, planting or Sol (35.1442ms)
✔ D029 / D081.R15.AC01-03: carried seed, actual walking, page report and source remain distinct (125.9955ms)
✔ Boat/bridge correction: seed boat never moves bridge sections, Pip or his page (132.656ms)
✔ Boat/bridge correction: a fastened footbridge stays fixed during seed delivery (70.1208ms)
✔ Boat/bridge correction: placing or turning a section cannot block the boat channel (15.8051ms)
✔ D030 / D081.R15.AC02: visible wide gap, wrong anchor, loose end and direct correction (36.1341ms)
✔ D081.R15.AC04: five equal physical histories, including F between planting/growth and trailing F (172.6723ms)
✔ D081.R15.AC05: cancellation, blur and duplicate actions preserve one committed result (14.5132ms)
✔ D081.R15: scenery shares physical bounds; keyboard placement is reversible until committed (8.5567ms)
✔ D081.R16: modal/reading input cannot move Pip and hidden sources cannot be opened (4.0303ms)
✔ D081.R19: save checksums, corrupt data and immutable snapshots (1.347ms)
✔ Boat/bridge correction: old saves retain progress and archiveable bytes without credit for the revised note (19.9282ms)
✔ Boat/bridge correction: completed old carried and ferried routes preserve their footbridge and outcomes (104.4462ms)
✔ Boat/bridge correction: migration rejects damage before relocating old objects (0.6361ms)
✔ TASK11.02: every selectable source occurrence has a local meaning and exact reviewed source identity (1.0292ms)
✔ TASK11.20 image cache shares in-flight decodes, never evicts an active owner, and bounds inactive retained pixels (23.5471ms)
✔ TASK11.20 high-density images retire after their last owner and canceled old callbacks cannot resurrect a decode (2.8776ms)
✔ TASK11.20 failed image loads can be retried without an unbounded request loop (2.78ms)
✔ TASK11.06 follower follows legal paths, yields at approaches, shares doors once, and remote owners cannot act (132.088ms)
✔ TASK11.20 exact-size raster surfaces protect both active renderers and release on resize or source revision (3.5382ms)
✔ TASK11.20 rejected, incomplete and failed raster allocations cannot retain uncounted surfaces (0.7288ms)
✔ FIX11.TOOLS empty, text-only and excess Unicode drafts remain private; only actual revisions gain a prior snapshot (22.9921ms)
✔ FIX11.TOOLS owned comparison slots accept one or same-source details; relationships never change source chronology (28.7068ms)
✔ FIX11.TOOLS timeline records only displayed metadata; request, notice, recording and post remain different events (12.5481ms)
✔ FIX11.TOOLS Follow is a private question; explicit Go walks public doors, can stop, and resumes no closed reader (31.4808ms)
✔ ER13 Stage mission describes each remaining physical handoff without a tile solution (0.7433ms)
✔ ER13 remembered Loop goal requires the actual visual exposure, not venue knowledge or a visit (32.4301ms)
✔ FIX11.CUE_RACE all six interruptions and callback orderings preserve exactly one endpoint in rehearsal and show (70.1991ms)
✔ FIX11.TERMINAL trailing harmless Ferry is consumed once; terminal pause cannot certify or premiere early (3.8901ms)
✔ fresh constructor is closed-schema valid and immutable; React snapshots retain identity until a command (3.8548ms)
✔ serialized effect callbacks can dispatch without clobbering an earlier snapshot (0.4439ms)
✔ transport callbacks allocate a fresh receipt even when given the entire parent envelope (23.0057ms)
✔ all 65 authored arrangements pass actual run/cue/finalization handlers and captions (72.2737ms)
✔ interruption settles an active cue once, terminal resume finalizes without replay; edits preserve historical premiere (3.7271ms)
✔ save acknowledgment belongs to its captured case, visit and token; it cannot acknowledge newer edits (1.0181ms)
✔ all authored approach anchors are reachable without sweeping through any expanded obstacle (0.8708ms)
✔ retargeting and canceled notice operations cannot commit; fixed movement stays on legal floor (15.7958ms)
✔ save decoder rejects unknown identities, oversized, malformed, impossible physical and source facts without selective salvage (16.7395ms)
✔ only a damaged pending playback is salvageable; a damaged historical premiere is not fabricated (1.7156ms)
✔ disk restoration retires old visit, marks uncertainty, pauses at committed cue boundary without replaying (5.4328ms)
✔ ER13.06 changed NPC, console and door approaches remain reachable with unchanged floor obstacles (5.7736ms)
✔ ER13.07 side workstation playback and legacy running saves validate, while walking away pauses (19.1078ms)
✔ ER13.06 actual pose bounds guard projection reuse when any scaled actor enters the screen (1.0983ms)
✔ ER13.07 real carry, follow, handoff and side-control route retains unread note ownership (112.3031ms)
✔ TASK11.20 encoded responses share native/Canvas ownership, bound bytes, and retire only unowned responses (2.3996ms)
✔ TASK11.20 encoded failed responses require retry and canceled old fetches cannot return a revoked URL (1.0818ms)
ℹ tests 116
ℹ suites 0
ℹ pass 116
ℹ fail 0
ℹ cancelled 0
ℹ skipped 0
ℹ todo 0
ℹ duration_ms 5812.5612
