
> evidence-quest@0.1.0 test:contracts
> npm run build:contracts && tsc -p tsconfig.checks.json && node scripts/prepare-checks.mjs && node --test .cache/checks/checks/*.test.js


> evidence-quest@0.1.0 build:contracts
> node scripts/build-contracts.mjs

Generated 48 schema-linked types and 8 standalone validators.
✔ authored and direct help count only native display; empty drafts make no request and no invented reading (34.4759ms)
✔ closed replies stay held; focused fallback survives arrival and wins once over duplicate/late selection (13.0375ms)
✔ relevant edits tombstone requests; save/focus/settings/movement do not; malformed/timeout fall back (15.6073ms)
✔ valid current live proposal is still undisplayed until native acknowledgment and rejects hidden source references (8.3114ms)
✔ schema-linked fixed identity, tuple and puppet types retain selected contracts (0.9618ms)
✔ E2 source slices cannot turn the first frame or photo into later recording/notice facts (5.5281ms)
✔ all physical copies share exact canonical E6/E7 and no collection grants their reading (1.8646ms)
✔ ER13 opening is skippable, persists beats, and adds no source or puzzle outcomes; legacy restore preserves case (17.7183ms)
✔ ER13 reading and vocabulary records do not imply source reading, fluency, or gameplay success (4.64ms)
✔ ER13 live provider uses canonical displayed sources, strict eligible projection, and bounded real fetch path (48.2418ms)
✔ T.VISIBILITY.RETURN preserves the open private draft, ignores duplicate return and never records a learning outcome (12.0598ms)
✔ T.VISIBILITY.HIDE/RETURN settles one active cue, preserves mode, and requires explicit Continue after acknowledgment (5.3528ms)
✔ G5: successful-first and recoverable placement lead to actual repair, baking and witnessed thanks (572.8882ms)
✔ G5: permission, material reach and scene preview are actual prerequisites; interruptions settle transfers once (96.7867ms)
✔ G5: invalid resource histories reject instead of fabricating tile or loaf progress (18.2024ms)
✔ Reading correction: an unshaped batch has a world consequence, retries from dry flour and preserves the repaired roof (175.1671ms)
✔ Full chapter: all nine actual outcomes, six records and immutable ending replay (2688.4915ms)
✔ Changed plans require actual updated invitations without deleting the writing (207.6018ms)
✔ Unsecured bridge actually fails, preserving possessions and all other progress (46.9463ms)
✔ A later edit never silently replaces Sol’s selected contribution (132.2636ms)
✔ Encounter v2 upgrades without inventing full-chapter completion (36.1575ms)
✔ Feedback: owned context, unavailable operation makes zero calls, malformed and stale proposals rejected (0.7422ms)
✔ Temporary audio encoding has a bounded mono WAV header and no persistence (0.198ms)
✔ Listening assessment requires acoustic evidence and an explicit qualification policy (1.4975ms)
✔ Phrase help explains the actual phrase; Duet title withholds unread story details (0.2287ms)
✔ Reject invented outcome records and mismatched ending attendance on save (0.7533ms)
✔ Word jobs bind one occurrence to the current sentence and cannot replace reviewed meanings (131.1496ms)
✔ Continuity: dock duty precedes account, and offers follow the complete untimed conversation (42.7326ms)
✔ Continuity: Help, close and checksummed reload retain partial dialogue without inventing commitments (23.1427ms)
✔ Continuity: Grandma-first physical play stays open; planning needs an actual account and report, never a page quota (142.7239ms)
✔ Continuity: remote rereading never completes a conversation or transfers an absent character’s page (31.5625ms)
✔ Continuity: Rina introduces the tile before permission; Sol presents the draft before choosing its ending (273.3805ms)
✔ Continuity: synthetic legacy opened-only and committed saves are distinguished without resetting progress (1.0795ms)
✔ Continuous gathering keeps the entire original and chosen ending, committing only after the last automatic segment (8.9797ms)
✔ Mara and Grandma share every paragraph once while preserving the earlier playable bird repair (12.3934ms)
✔ Continuous playback rejects paused, overlay, background and obsolete callbacks and restores without completing a story (7.8904ms)
✔ Caption fallback progresses the full telling by elapsed time and stops for reading support (135.0916ms)
✔ Loop automatically finishes all four actual pictures, safely replays, and preserves an interrupted saved picture (22.7726ms)
✔ Finale: both actual memory placements settle once across interruption without changing the seed or earlier events (12.1205ms)
✔ Finale: nine source outcomes keep exact performed words and actual attendee pictures through closing and replay (328.871ms)
✔ Finale: finished replay starts at one; interrupted replay resumes its exact last picture, including picture four (14.9575ms)
✔ Finale: particular waiting and recorded flowers retain source return, ownership and selected words (15.0616ms)
✔ Gathering arrival commits each physical stage once and never invents arrival on reload (502.3455ms)
✔ Actual speaking turns preserve exact selected words and paragraph through source support and reload (336.7448ms)
✔ Draft discussion and Grandma’s knowledge require actual spoken turns; corrupt phase claims are rejected (326.9488ms)
✔ Changing the selected wording preserves compatible invitations and Grandma’s readiness report (186.9397ms)
✔ G2-I01: nested sources, backpack and Help return to their actual parent without walking (27.3249ms)
✔ G2-I01/I06: a construction note and Pause preserve the construction return, cancel only the unplaced move (30.0922ms)
✔ G2-I03: a page handoff leaves the reader, settles once on interruption, and returns to Mara (38.8999ms)
✔ G2-I04/I06: rehearsal has exact immutable input, no live-world effects, and freezes under Help (341.8945ms)
✔ G2-I04: a prepared rehearsal never overwrites the child draft before or after selection (191.8191ms)
✔ G2-I05: plan preview cannot invite, advance time, or accept Mara during her working hours (61.5669ms)
✔ G4: dock duty, either offer order, actual request and prior spontaneous agreement stay distinct (330.9052ms)
✔ G4: source alone never shares; actual repair and return preserve current-day facts, both pictures and repeat telling (283.2717ms)
✔ G4: consent, actual tape pickup and durable strip survive reload; previews and travel cancel on support (78.0605ms)
✔ G4: authored reach and withdrawal precede control, survive interruption and cannot advance pending garden growth (251.3242ms)
✔ Prepared relay is not a report, invitation, page handoff or time agreement; only actual delivery informs Grandma (96.3703ms)
✔ Own wording survives support/reload, needs intentional confirmation, and delivered words cannot be rewritten by drafts (74.5037ms)
✔ Blank or unconfirmed own message retains a prepared route; the game does not claim semantic validation (58.982ms)
✔ Old completed reports remain valid without inventing delivered child words from old feedback answers (54.903ms)
✔ Reading references bind the exact displayed text without claiming canonical source identity (8.1928ms)
✔ Local cancellation invalidates late speech callbacks and synchronously clears the registered owner (0.4485ms)
✔ Word support preserves dynamic text provenance and selected offsets in long writing (1.9938ms)
✔ Dynamic vocabulary uses the actual context, never a different character or story event (0.6921ms)
✔ Reading pages preserve the complete text while every recording reference is bounded (3.0758ms)
✔ Read-screen inspection preserves an unplaced choice and cannot perform it (4.8917ms)
✔ Complete-story reading preserves source order and uses the performed ending instead of later edits (0.7943ms)
✔ G3: generous visible post previews retain explicit placement, orientation, join and actual crossing (67.4193ms)
✔ G3: no/near/far anchors survive collapse and reload; free movement cannot switch rope identity (440.2013ms)
✔ G3: boat navigation, wrong landing, obstruction, pause, reload, explicit unload and real receipt (57.8876ms)
✔ G3: first Grandma visit can agree only the later time after a real report, without a page, planting or Sol (36.0058ms)
✔ D029 / D081.R15.AC01-03: carried seed, actual walking, page report and source remain distinct (142.2625ms)
✔ Boat/bridge correction: seed boat never moves bridge sections, Pip or his page (132.7811ms)
✔ Boat/bridge correction: a fastened footbridge stays fixed during seed delivery (85.3379ms)
✔ Boat/bridge correction: placing or turning a section cannot block the boat channel (14.2236ms)
✔ D030 / D081.R15.AC02: visible wide gap, wrong anchor, loose end and direct correction (51.1419ms)
✔ D081.R15.AC04: five equal physical histories, including F between planting/growth and trailing F (203.7715ms)
✔ D081.R15.AC05: cancellation, blur and duplicate actions preserve one committed result (13.9242ms)
✔ D081.R15: scenery shares physical bounds; keyboard placement is reversible until committed (7.915ms)
✔ D081.R16: modal/reading input cannot move Pip and hidden sources cannot be opened (5.5893ms)
✔ D081.R19: save checksums, corrupt data and immutable snapshots (1.4007ms)
✔ Boat/bridge correction: old saves retain progress and archiveable bytes without credit for the revised note (22.848ms)
✔ Boat/bridge correction: completed old carried and ferried routes preserve their footbridge and outcomes (147.3767ms)
✔ Boat/bridge correction: migration rejects damage before relocating old objects (0.5478ms)
✔ TASK11.02: every selectable source occurrence has a local meaning and exact reviewed source identity (0.8054ms)
✔ TASK11.20 image cache shares in-flight decodes, never evicts an active owner, and bounds inactive retained pixels (24.509ms)
✔ TASK11.20 high-density images retire after their last owner and canceled old callbacks cannot resurrect a decode (3.3156ms)
✔ TASK11.20 failed image loads can be retried without an unbounded request loop (10.7397ms)
✔ TASK11.06 follower follows legal paths, yields at approaches, shares doors once, and remote owners cannot act (140.4827ms)
✔ TASK11.20 exact-size raster surfaces protect both active renderers and release on resize or source revision (2.1658ms)
✔ TASK11.20 rejected, incomplete and failed raster allocations cannot retain uncounted surfaces (0.7564ms)
✔ FIX11.TOOLS empty, text-only and excess Unicode drafts remain private; only actual revisions gain a prior snapshot (23.214ms)
✔ FIX11.TOOLS owned comparison slots accept one or same-source details; relationships never change source chronology (32.9413ms)
✔ FIX11.TOOLS timeline records only displayed metadata; request, notice, recording and post remain different events (13.1539ms)
✔ FIX11.TOOLS Follow is a private question; explicit Go walks public doors, can stop, and resumes no closed reader (40.9208ms)
✔ ER13 Stage mission describes each remaining physical handoff without a tile solution (0.8516ms)
✔ ER13 remembered Loop goal requires the actual visual exposure, not venue knowledge or a visit (31.9401ms)
✔ FIX11.CUE_RACE all six interruptions and callback orderings preserve exactly one endpoint in rehearsal and show (74.7608ms)
✔ FIX11.TERMINAL trailing harmless Ferry is consumed once; terminal pause cannot certify or premiere early (5.3385ms)
✔ fresh constructor is closed-schema valid and immutable; React snapshots retain identity until a command (5.4803ms)
✔ serialized effect callbacks can dispatch without clobbering an earlier snapshot (0.7262ms)
✔ transport callbacks allocate a fresh receipt even when given the entire parent envelope (25.5505ms)
✔ all 65 authored arrangements pass actual run/cue/finalization handlers and captions (89.7959ms)
✔ interruption settles an active cue once, terminal resume finalizes without replay; edits preserve historical premiere (4.1666ms)
✔ save acknowledgment belongs to its captured case, visit and token; it cannot acknowledge newer edits (0.7478ms)
✔ all authored approach anchors are reachable without sweeping through any expanded obstacle (0.9399ms)
✔ retargeting and canceled notice operations cannot commit; fixed movement stays on legal floor (14.5081ms)
✔ save decoder rejects unknown identities, oversized, malformed, impossible physical and source facts without selective salvage (14.8286ms)
✔ only a damaged pending playback is salvageable; a damaged historical premiere is not fabricated (1.7433ms)
✔ disk restoration retires old visit, marks uncertainty, pauses at committed cue boundary without replaying (5.8075ms)
✔ ER13.06 changed NPC, console and door approaches remain reachable with unchanged floor obstacles (7.5768ms)
✔ ER13.07 side workstation playback and legacy running saves validate, while walking away pauses (21.8354ms)
✔ ER13.06 actual pose bounds guard projection reuse when any scaled actor enters the screen (1.0597ms)
✔ ER13.07 real carry, follow, handoff and side-control route retains unread note ownership (158.9279ms)
✔ TASK11.20 encoded responses share native/Canvas ownership, bound bytes, and retire only unowned responses (2.1808ms)
✔ TASK11.20 encoded failed responses require retry and canceled old fetches cannot return a revoked URL (0.8669ms)
ℹ tests 116
ℹ suites 0
ℹ pass 116
ℹ fail 0
ℹ cancelled 0
ℹ skipped 0
ℹ todo 0
ℹ duration_ms 3762.9632
