
> evidence-quest@0.1.0 test:browser
> node scripts/test-browser.mjs browser-tests/garden-continuous-playback.spec.ts browser-tests/garden-festival-welcome.spec.ts --workers=2 --output=evidence/sparkfest-playback-20260916/browser-focused-final

[WebServer] (node:34696) Warning: The 'NO_COLOR' env is ignored due to the 'FORCE_COLOR' env being set.
[WebServer] (Use `node --trace-warnings ...` to show where the warning was created)

Running 18 tests using 2 workers

(node:63996) Warning: The 'NO_COLOR' env is ignored due to the 'FORCE_COLOR' env being set.
(Use `node --trace-warnings ...` to show where the warning was created)
(node:42308) Warning: The 'NO_COLOR' env is ignored due to the 'FORCE_COLOR' env being set.
(Use `node --trace-warnings ...` to show where the warning was created)
  ok  1 [chromium] › browser-tests\garden-festival-welcome.spec.ts:3:73 › SparkFest welcome: original illustrations, Loop identity and supported entry at 1440px (2.9s)
  ok  2 [chromium] › browser-tests\garden-continuous-playback.spec.ts:15:1 › Continuous telling: complete Sol words, safe word help, replay and stale callback ownership (4.3s)
  ok  3 [chromium] › browser-tests\garden-festival-welcome.spec.ts:3:73 › SparkFest welcome: original illustrations, Loop identity and supported entry at 320px (2.0s)
(node:56772) Warning: The 'NO_COLOR' env is ignored due to the 'FORCE_COLOR' env being set.
(Use `node --trace-warnings ...` to show where the warning was created)
  ok  4 [chromium] › browser-tests\garden-continuous-playback.spec.ts:26:1 › Continuous telling: restored progress waits, full Grandma telling proceeds without sentence choices (3.6s)
  ok  6 [chromium] › browser-tests\garden-continuous-playback.spec.ts:32:1 › Continuous Loop: full ending, automatic pictures, pause and reload keep the actual story (8.5s)
  ok  5 [firefox] › browser-tests\garden-continuous-playback.spec.ts:15:1 › Continuous telling: complete Sol words, safe word help, replay and stale callback ownership (10.0s)
  ok  7 [chromium] › browser-tests\garden-continuous-playback.spec.ts:39:1 › Continuous captions: unavailable narration advances automatically and the complete story remains readable (8.1s)
(node:63776) Warning: The 'NO_COLOR' env is ignored due to the 'FORCE_COLOR' env being set.
(Use `node --trace-warnings ...` to show where the warning was created)
  ok  8 [firefox] › browser-tests\garden-continuous-playback.spec.ts:26:1 › Continuous telling: restored progress waits, full Grandma telling proceeds without sentence choices (9.5s)
  ok  9 [firefox] › browser-tests\garden-festival-welcome.spec.ts:3:73 › SparkFest welcome: original illustrations, Loop identity and supported entry at 1440px (7.0s)
  ok 11 [firefox] › browser-tests\garden-festival-welcome.spec.ts:3:73 › SparkFest welcome: original illustrations, Loop identity and supported entry at 320px (4.0s)
(node:49072) Warning: The 'NO_COLOR' env is ignored due to the 'FORCE_COLOR' env being set.
(Use `node --trace-warnings ...` to show where the warning was created)
  ok 10 [firefox] › browser-tests\garden-continuous-playback.spec.ts:32:1 › Continuous Loop: full ending, automatic pictures, pause and reload keep the actual story (15.4s)
  ok 12 [webkit] › browser-tests\garden-continuous-playback.spec.ts:15:1 › Continuous telling: complete Sol words, safe word help, replay and stale callback ownership (10.0s)
  ok 13 [firefox] › browser-tests\garden-continuous-playback.spec.ts:39:1 › Continuous captions: unavailable narration advances automatically and the complete story remains readable (10.9s)
(node:58040) Warning: The 'NO_COLOR' env is ignored due to the 'FORCE_COLOR' env being set.
(Use `node --trace-warnings ...` to show where the warning was created)
  ok 14 [webkit] › browser-tests\garden-continuous-playback.spec.ts:26:1 › Continuous telling: restored progress waits, full Grandma telling proceeds without sentence choices (7.1s)
  ok 15 [webkit] › browser-tests\garden-festival-welcome.spec.ts:3:73 › SparkFest welcome: original illustrations, Loop identity and supported entry at 1440px (5.7s)
  ok 17 [webkit] › browser-tests\garden-festival-welcome.spec.ts:3:73 › SparkFest welcome: original illustrations, Loop identity and supported entry at 320px (3.0s)
  ok 16 [webkit] › browser-tests\garden-continuous-playback.spec.ts:32:1 › Continuous Loop: full ending, automatic pictures, pause and reload keep the actual story (12.5s)
  ok 18 [webkit] › browser-tests\garden-continuous-playback.spec.ts:39:1 › Continuous captions: unavailable narration advances automatically and the complete story remains readable (9.3s)

  18 passed (1.3m)
