
> evidence-quest@0.1.0 test:contracts
> npm run build:contracts && tsc -p tsconfig.checks.json && node scripts/prepare-checks.mjs && node --test .cache/checks/checks/*.test.js


> evidence-quest@0.1.0 build:contracts
> node scripts/build-contracts.mjs

Generated 48 schema-linked types and 8 standalone validators.
✔ authored and direct help count only native display; empty drafts make no request and no invented reading (30.5178ms)
✔ closed replies stay held; focused fallback survives arrival and wins once over duplicate/late selection (7.2249ms)
✔ relevant edits tombstone requests; save/focus/settings/movement do not; malformed/timeout fall back (4.4387ms)
✔ valid current live proposal is still undisplayed until native acknowledgment and rejects hidden source references (10.9733ms)
✔ schema-linked fixed identity, tuple and puppet types retain selected contracts (0.7643ms)
✔ E2 source slices cannot turn the first frame or photo into later recording/notice facts (5.0688ms)
✔ all physical copies share exact canonical E6/E7 and no collection grants their reading (2.8169ms)
✔ ER13 opening is skippable, persists beats, and adds no source or puzzle outcomes; legacy restore preserves case (19.0557ms)
✔ ER13 reading and vocabulary records do not imply source reading, fluency, or gameplay success (5.8844ms)
✔ ER13 live provider uses canonical displayed sources, strict eligible projection, and bounded real fetch path (44.5587ms)
✔ T.VISIBILITY.RETURN preserves the open private draft, ignores duplicate return and never records a learning outcome (14.9949ms)
✔ T.VISIBILITY.HIDE/RETURN settles one active cue, preserves mode, and requires explicit Continue after acknowledgment (3.4519ms)
✔ G5: successful-first and recoverable placement lead to actual repair, baking and witnessed thanks (608.0467ms)
✔ G5: permission, material reach and scene preview are actual prerequisites; interruptions settle transfers once (117.0903ms)
✔ G5: invalid resource histories reject instead of fabricating tile or loaf progress (26.7496ms)
✔ Reading correction: an unshaped batch has a world consequence, retries from dry flour and preserves the repaired roof (191.9768ms)
✔ Full chapter: all nine actual outcomes, six records and immutable ending replay (2703.1672ms)
✔ Changed plans require actual updated invitations without deleting the writing (197.4947ms)
✔ Unsecured bridge actually fails, preserving possessions and all other progress (48.7377ms)
✔ A later edit never silently replaces Sol’s selected contribution (125.6067ms)
✔ Encounter v2 upgrades without inventing full-chapter completion (35.6775ms)
✔ Feedback: owned context, unavailable operation makes zero calls, malformed and stale proposals rejected (0.6757ms)
✔ Temporary audio encoding has a bounded mono WAV header and no persistence (0.2015ms)
✔ Listening assessment requires acoustic evidence and an explicit qualification policy (1.4721ms)
✔ Phrase help explains the actual phrase; Duet title withholds unread story details (0.3973ms)
✔ Reject invented outcome records and mismatched ending attendance on save (0.5527ms)
✔ Word jobs bind one occurrence to the current sentence and cannot replace reviewed meanings (133.326ms)
✔ Continuity: dock duty precedes account, and offers follow the complete untimed conversation (45.0007ms)
✔ Continuity: Help, close and checksummed reload retain partial dialogue without inventing commitments (28.3361ms)
✔ Continuity: Grandma-first physical play stays open; planning needs an actual account and report, never a page quota (132.6893ms)
✔ Continuity: remote rereading never completes a conversation or transfers an absent character’s page (38.3433ms)
✔ Continuity: Rina introduces the tile before permission; Sol presents the draft before choosing its ending (298.5006ms)
✔ Continuity: synthetic legacy opened-only and committed saves are distinguished without resetting progress (1.1441ms)
✔ Continuous gathering keeps the entire original and chosen ending, committing only after the last automatic segment (12.1269ms)
✔ Mara and Grandma share every paragraph once while preserving the earlier playable bird repair (12.1799ms)
✔ Continuous playback rejects paused, overlay, background and obsolete callbacks and restores without completing a story (7.2659ms)
✔ Caption fallback progresses the full telling by elapsed time and stops for reading support (162.7805ms)
✔ Loop automatically finishes all four actual pictures, safely replays, and preserves an interrupted saved picture (30.0254ms)
✔ Finale: both actual memory placements settle once across interruption without changing the seed or earlier events (12.4963ms)
✔ Finale: nine source outcomes keep exact performed words and actual attendee pictures through closing and replay (329.751ms)
✔ Finale: finished replay starts at one; interrupted replay resumes its exact last picture, including picture four (15.1357ms)
✔ Finale: particular waiting and recorded flowers retain source return, ownership and selected words (16.3305ms)
✔ Gathering arrival commits each physical stage once and never invents arrival on reload (585.7491ms)
✔ Actual speaking turns preserve exact selected words and paragraph through source support and reload (385.1684ms)
✔ Draft discussion and Grandma’s knowledge require actual spoken turns; corrupt phase claims are rejected (320.5174ms)
✔ Changing the selected wording preserves compatible invitations and Grandma’s readiness report (195.2658ms)
✔ G2-I01: nested sources, backpack and Help return to their actual parent without walking (32.2459ms)
✔ G2-I01/I06: a construction note and Pause preserve the construction return, cancel only the unplaced move (39.2754ms)
✔ G2-I03: a page handoff leaves the reader, settles once on interruption, and returns to Mara (38.481ms)
✔ G2-I04/I06: rehearsal has exact immutable input, no live-world effects, and freezes under Help (375.9997ms)
✔ G2-I04: a prepared rehearsal never overwrites the child draft before or after selection (226.8336ms)
✔ G2-I05: plan preview cannot invite, advance time, or accept Mara during her working hours (65.8548ms)
✔ G4: dock duty, either offer order, actual request and prior spontaneous agreement stay distinct (371.9092ms)
✔ G4: source alone never shares; actual repair and return preserve current-day facts, both pictures and repeat telling (309.0788ms)
✔ G4: consent, actual tape pickup and durable strip survive reload; previews and travel cancel on support (84.533ms)
✔ G4: authored reach and withdrawal precede control, survive interruption and cannot advance pending garden growth (202.8797ms)
✔ Prepared relay is not a report, invitation, page handoff or time agreement; only actual delivery informs Grandma (104.5498ms)
✔ Own wording survives support/reload, needs intentional confirmation, and delivered words cannot be rewritten by drafts (88.261ms)
✔ Blank or unconfirmed own message retains a prepared route; the game does not claim semantic validation (77.6429ms)
✔ Old completed reports remain valid without inventing delivered child words from old feedback answers (72.7466ms)
✔ Reading references bind the exact displayed text without claiming canonical source identity (9.4823ms)
✔ Local cancellation invalidates late speech callbacks and synchronously clears the registered owner (0.5808ms)
✔ Word support preserves dynamic text provenance and selected offsets in long writing (2.06ms)
✔ Dynamic vocabulary uses the actual context, never a different character or story event (0.4884ms)
✔ Reading pages preserve the complete text while every recording reference is bounded (3.5195ms)
✔ Read-screen inspection preserves an unplaced choice and cannot perform it (6.5226ms)
✔ Complete-story reading preserves source order and uses the performed ending instead of later edits (0.8222ms)
✔ G3: generous visible post previews retain explicit placement, orientation, join and actual crossing (84.9761ms)
✔ G3: no/near/far anchors survive collapse and reload; free movement cannot switch rope identity (495.3468ms)
✔ G3: boat navigation, wrong landing, obstruction, pause, reload, explicit unload and real receipt (72.6673ms)
✔ G3: first Grandma visit can agree only the later time after a real report, without a page, planting or Sol (39.0787ms)
✔ D029 / D081.R15.AC01-03: carried seed, actual walking, page report and source remain distinct (164.8304ms)
✔ Boat/bridge correction: seed boat never moves bridge sections, Pip or his page (138.0299ms)
✔ Boat/bridge correction: a fastened footbridge stays fixed during seed delivery (84.6442ms)
✔ Boat/bridge correction: placing or turning a section cannot block the boat channel (16.6767ms)
✔ D030 / D081.R15.AC02: visible wide gap, wrong anchor, loose end and direct correction (57.2094ms)
✔ D081.R15.AC04: five equal physical histories, including F between planting/growth and trailing F (232.925ms)
✔ D081.R15.AC05: cancellation, blur and duplicate actions preserve one committed result (17.4239ms)
✔ D081.R15: scenery shares physical bounds; keyboard placement is reversible until committed (15.4281ms)
✔ D081.R16: modal/reading input cannot move Pip and hidden sources cannot be opened (6.6073ms)
✔ D081.R19: save checksums, corrupt data and immutable snapshots (1.0551ms)
✔ Boat/bridge correction: old saves retain progress and archiveable bytes without credit for the revised note (24.8104ms)
✔ Boat/bridge correction: completed old carried and ferried routes preserve their footbridge and outcomes (146.8874ms)
✔ Boat/bridge correction: migration rejects damage before relocating old objects (0.5368ms)
✔ TASK11.02: every selectable source occurrence has a local meaning and exact reviewed source identity (0.9518ms)
✔ TASK11.20 image cache shares in-flight decodes, never evicts an active owner, and bounds inactive retained pixels (34.4582ms)
✔ TASK11.20 high-density images retire after their last owner and canceled old callbacks cannot resurrect a decode (21.3292ms)
✔ TASK11.20 failed image loads can be retried without an unbounded request loop (13.9288ms)
✔ TASK11.06 follower follows legal paths, yields at approaches, shares doors once, and remote owners cannot act (191.4614ms)
✔ TASK11.20 exact-size raster surfaces protect both active renderers and release on resize or source revision (2.1555ms)
✔ TASK11.20 rejected, incomplete and failed raster allocations cannot retain uncounted surfaces (0.6869ms)
✔ FIX11.TOOLS empty, text-only and excess Unicode drafts remain private; only actual revisions gain a prior snapshot (24.4023ms)
✔ FIX11.TOOLS owned comparison slots accept one or same-source details; relationships never change source chronology (46.0877ms)
✔ FIX11.TOOLS timeline records only displayed metadata; request, notice, recording and post remain different events (17.6597ms)
✔ FIX11.TOOLS Follow is a private question; explicit Go walks public doors, can stop, and resumes no closed reader (42.4771ms)
✔ ER13 Stage mission describes each remaining physical handoff without a tile solution (0.8846ms)
✔ ER13 remembered Loop goal requires the actual visual exposure, not venue knowledge or a visit (35.5211ms)
✔ FIX11.CUE_RACE all six interruptions and callback orderings preserve exactly one endpoint in rehearsal and show (86.9578ms)
✔ FIX11.TERMINAL trailing harmless Ferry is consumed once; terminal pause cannot certify or premiere early (8.6154ms)
✔ fresh constructor is closed-schema valid and immutable; React snapshots retain identity until a command (4.3351ms)
✔ serialized effect callbacks can dispatch without clobbering an earlier snapshot (0.5781ms)
✔ transport callbacks allocate a fresh receipt even when given the entire parent envelope (26.167ms)
✔ all 65 authored arrangements pass actual run/cue/finalization handlers and captions (84.0934ms)
✔ interruption settles an active cue once, terminal resume finalizes without replay; edits preserve historical premiere (4.2203ms)
✔ save acknowledgment belongs to its captured case, visit and token; it cannot acknowledge newer edits (0.8117ms)
✔ all authored approach anchors are reachable without sweeping through any expanded obstacle (0.8781ms)
✔ retargeting and canceled notice operations cannot commit; fixed movement stays on legal floor (14.8024ms)
✔ save decoder rejects unknown identities, oversized, malformed, impossible physical and source facts without selective salvage (19.54ms)
✔ only a damaged pending playback is salvageable; a damaged historical premiere is not fabricated (2.5704ms)
✔ disk restoration retires old visit, marks uncertainty, pauses at committed cue boundary without replaying (6.343ms)
✔ ER13.06 changed NPC, console and door approaches remain reachable with unchanged floor obstacles (7.8866ms)
✔ ER13.07 side workstation playback and legacy running saves validate, while walking away pauses (26.0004ms)
✔ ER13.06 actual pose bounds guard projection reuse when any scaled actor enters the screen (1.0537ms)
✔ ER13.07 real carry, follow, handoff and side-control route retains unread note ownership (171.0871ms)
✔ TASK11.20 encoded responses share native/Canvas ownership, bound bytes, and retire only unowned responses (3.2671ms)
✔ TASK11.20 encoded failed responses require retry and canceled old fetches cannot return a revoked URL (1.01ms)
ℹ tests 116
ℹ suites 0
ℹ pass 116
ℹ fail 0
ℹ cancelled 0
ℹ skipped 0
ℹ todo 0
ℹ duration_ms 3802.7188
