
> evidence-quest@0.1.0 test:contracts
> npm run build:contracts && tsc -p tsconfig.checks.json && node scripts/prepare-checks.mjs && node --test .cache/checks/checks/*.test.js


> evidence-quest@0.1.0 build:contracts
> node scripts/build-contracts.mjs

Generated 48 schema-linked types and 8 standalone validators.
✔ authored and direct help count only native display; empty drafts make no request and no invented reading (33.9169ms)
✔ closed replies stay held; focused fallback survives arrival and wins once over duplicate/late selection (6.7154ms)
✔ relevant edits tombstone requests; save/focus/settings/movement do not; malformed/timeout fall back (4.7144ms)
✔ valid current live proposal is still undisplayed until native acknowledgment and rejects hidden source references (3.3088ms)
✔ schema-linked fixed identity, tuple and puppet types retain selected contracts (0.6027ms)
✔ E2 source slices cannot turn the first frame or photo into later recording/notice facts (3.2167ms)
✔ all physical copies share exact canonical E6/E7 and no collection grants their reading (2.4081ms)
✔ ER13 opening is skippable, persists beats, and adds no source or puzzle outcomes; legacy restore preserves case (19.8305ms)
✔ ER13 reading and vocabulary records do not imply source reading, fluency, or gameplay success (5.2612ms)
✔ ER13 live provider uses canonical displayed sources, strict eligible projection, and bounded real fetch path (45.9283ms)
✔ T.VISIBILITY.RETURN preserves the open private draft, ignores duplicate return and never records a learning outcome (15.1001ms)
✔ T.VISIBILITY.HIDE/RETURN settles one active cue, preserves mode, and requires explicit Continue after acknowledgment (5.152ms)
✔ G5: successful-first and recoverable placement lead to actual repair, baking and witnessed thanks (619.4904ms)
✔ G5: permission, material reach and scene preview are actual prerequisites; interruptions settle transfers once (128.3942ms)
✔ G5: invalid resource histories reject instead of fabricating tile or loaf progress (31.701ms)
✔ Reading correction: an unshaped batch has a world consequence, retries from dry flour and preserves the repaired roof (228.4431ms)
✔ Full chapter: all nine actual outcomes, six records and immutable ending replay (2890.8372ms)
✔ Changed plans require actual updated invitations without deleting the writing (242.9922ms)
✔ Unsecured bridge actually fails, preserving possessions and all other progress (57.2499ms)
✔ A later edit never silently replaces Sol’s selected contribution (136.562ms)
✔ Encounter v2 upgrades without inventing full-chapter completion (39.634ms)
✔ Feedback: owned context, unavailable operation makes zero calls, malformed and stale proposals rejected (0.921ms)
✔ Temporary audio encoding has a bounded mono WAV header and no persistence (0.3417ms)
✔ Listening assessment requires acoustic evidence and an explicit qualification policy (1.7294ms)
✔ Phrase help explains the actual phrase; Duet title withholds unread story details (0.268ms)
✔ Reject invented outcome records and mismatched ending attendance on save (0.6198ms)
✔ Word jobs bind one occurrence to the current sentence and cannot replace reviewed meanings (164.6021ms)
✔ Continuity: dock duty precedes account, and offers follow the complete untimed conversation (45.6515ms)
✔ Continuity: Help, close and checksummed reload retain partial dialogue without inventing commitments (29.9793ms)
✔ Continuity: Grandma-first physical play stays open; planning needs an actual account and report, never a page quota (130.531ms)
✔ Continuity: remote rereading never completes a conversation or transfers an absent character’s page (98.3766ms)
✔ Continuity: Rina introduces the tile before permission; Sol presents the draft before choosing its ending (316.5883ms)
✔ Continuity: synthetic legacy opened-only and committed saves are distinguished without resetting progress (1.3182ms)
✔ Continuous gathering keeps the entire original and chosen ending, committing only after the last automatic segment (10.0721ms)
✔ Mara and Grandma share every paragraph once while preserving the earlier playable bird repair (14.8844ms)
✔ Continuous playback rejects paused, overlay, background and obsolete callbacks and restores without completing a story (6.8042ms)
✔ Caption fallback progresses the full telling by elapsed time and stops for reading support (157.2203ms)
✔ Loop automatically finishes all four actual pictures, safely replays, and preserves an interrupted saved picture (21.611ms)
✔ Finale: both actual memory placements settle once across interruption without changing the seed or earlier events (21.4077ms)
✔ Finale: nine source outcomes keep exact performed words and actual attendee pictures through closing and replay (349.6036ms)
✔ Finale: finished replay starts at one; interrupted replay resumes its exact last picture, including picture four (16.4439ms)
✔ Finale: particular waiting and recorded flowers retain source return, ownership and selected words (17.6627ms)
✔ Gathering arrival commits each physical stage once and never invents arrival on reload (611.1872ms)
✔ Actual speaking turns preserve exact selected words and paragraph through source support and reload (449.772ms)
✔ Draft discussion and Grandma’s knowledge require actual spoken turns; corrupt phase claims are rejected (332.9631ms)
✔ Changing the selected wording preserves compatible invitations and Grandma’s readiness report (236.074ms)
✔ G2-I01: nested sources, backpack and Help return to their actual parent without walking (30.426ms)
✔ G2-I01/I06: a construction note and Pause preserve the construction return, cancel only the unplaced move (33.5007ms)
✔ G2-I03: a page handoff leaves the reader, settles once on interruption, and returns to Mara (44.0804ms)
✔ G2-I04/I06: rehearsal has exact immutable input, no live-world effects, and freezes under Help (405.0875ms)
✔ G2-I04: a prepared rehearsal never overwrites the child draft before or after selection (247.705ms)
✔ G2-I05: plan preview cannot invite, advance time, or accept Mara during her working hours (80.7372ms)
✔ G4: dock duty, either offer order, actual request and prior spontaneous agreement stay distinct (390.6031ms)
✔ G4: source alone never shares; actual repair and return preserve current-day facts, both pictures and repeat telling (320.0533ms)
✔ G4: consent, actual tape pickup and durable strip survive reload; previews and travel cancel on support (123.9727ms)
✔ G4: authored reach and withdrawal precede control, survive interruption and cannot advance pending garden growth (221.0518ms)
✔ Prepared relay is not a report, invitation, page handoff or time agreement; only actual delivery informs Grandma (111.5906ms)
✔ Own wording survives support/reload, needs intentional confirmation, and delivered words cannot be rewritten by drafts (99.3183ms)
✔ Blank or unconfirmed own message retains a prepared route; the game does not claim semantic validation (70.5692ms)
✔ Old completed reports remain valid without inventing delivered child words from old feedback answers (63.7487ms)
✔ Reading references bind the exact displayed text without claiming canonical source identity (9.3174ms)
✔ Local cancellation invalidates late speech callbacks and synchronously clears the registered owner (0.5615ms)
✔ Word support preserves dynamic text provenance and selected offsets in long writing (2.2842ms)
✔ Dynamic vocabulary uses the actual context, never a different character or story event (0.5034ms)
✔ Reading pages preserve the complete text while every recording reference is bounded (3.8487ms)
✔ Read-screen inspection preserves an unplaced choice and cannot perform it (6.5948ms)
✔ Complete-story reading preserves source order and uses the performed ending instead of later edits (1.9403ms)
✔ G3: generous visible post previews retain explicit placement, orientation, join and actual crossing (87.2676ms)
✔ G3: no/near/far anchors survive collapse and reload; free movement cannot switch rope identity (520.7855ms)
✔ G3: boat navigation, wrong landing, obstruction, pause, reload, explicit unload and real receipt (79.7451ms)
✔ G3: first Grandma visit can agree only the later time after a real report, without a page, planting or Sol (51.9658ms)
✔ D029 / D081.R15.AC01-03: carried seed, actual walking, page report and source remain distinct (180.1407ms)
✔ Boat/bridge correction: seed boat never moves bridge sections, Pip or his page (156.6475ms)
✔ Boat/bridge correction: a fastened footbridge stays fixed during seed delivery (87.4084ms)
✔ Boat/bridge correction: placing or turning a section cannot block the boat channel (21.1156ms)
✔ D030 / D081.R15.AC02: visible wide gap, wrong anchor, loose end and direct correction (62.5153ms)
✔ D081.R15.AC04: five equal physical histories, including F between planting/growth and trailing F (235.562ms)
✔ D081.R15.AC05: cancellation, blur and duplicate actions preserve one committed result (24.183ms)
✔ D081.R15: scenery shares physical bounds; keyboard placement is reversible until committed (12.7928ms)
✔ D081.R16: modal/reading input cannot move Pip and hidden sources cannot be opened (3.4793ms)
✔ D081.R19: save checksums, corrupt data and immutable snapshots (1.0498ms)
✔ Boat/bridge correction: old saves retain progress and archiveable bytes without credit for the revised note (19.8775ms)
✔ Boat/bridge correction: completed old carried and ferried routes preserve their footbridge and outcomes (126.0561ms)
✔ Boat/bridge correction: migration rejects damage before relocating old objects (0.7462ms)
✔ TASK11.02: every selectable source occurrence has a local meaning and exact reviewed source identity (1.1958ms)
✔ TASK11.20 image cache shares in-flight decodes, never evicts an active owner, and bounds inactive retained pixels (25.2628ms)
✔ TASK11.20 high-density images retire after their last owner and canceled old callbacks cannot resurrect a decode (14.1185ms)
✔ TASK11.20 failed image loads can be retried without an unbounded request loop (20.6863ms)
✔ TASK11.06 follower follows legal paths, yields at approaches, shares doors once, and remote owners cannot act (168.555ms)
✔ TASK11.20 exact-size raster surfaces protect both active renderers and release on resize or source revision (2.9357ms)
✔ TASK11.20 rejected, incomplete and failed raster allocations cannot retain uncounted surfaces (2.6409ms)
✔ FIX11.TOOLS empty, text-only and excess Unicode drafts remain private; only actual revisions gain a prior snapshot (29.1259ms)
✔ FIX11.TOOLS owned comparison slots accept one or same-source details; relationships never change source chronology (48.0888ms)
✔ FIX11.TOOLS timeline records only displayed metadata; request, notice, recording and post remain different events (12.7223ms)
✔ FIX11.TOOLS Follow is a private question; explicit Go walks public doors, can stop, and resumes no closed reader (41.454ms)
✔ ER13 Stage mission describes each remaining physical handoff without a tile solution (0.8716ms)
✔ ER13 remembered Loop goal requires the actual visual exposure, not venue knowledge or a visit (39.1137ms)
✔ FIX11.CUE_RACE all six interruptions and callback orderings preserve exactly one endpoint in rehearsal and show (96.2369ms)
✔ FIX11.TERMINAL trailing harmless Ferry is consumed once; terminal pause cannot certify or premiere early (5.5385ms)
✔ fresh constructor is closed-schema valid and immutable; React snapshots retain identity until a command (5.7008ms)
✔ serialized effect callbacks can dispatch without clobbering an earlier snapshot (0.8131ms)
✔ transport callbacks allocate a fresh receipt even when given the entire parent envelope (35.2529ms)
✔ all 65 authored arrangements pass actual run/cue/finalization handlers and captions (95.2067ms)
✔ interruption settles an active cue once, terminal resume finalizes without replay; edits preserve historical premiere (4.4339ms)
✔ save acknowledgment belongs to its captured case, visit and token; it cannot acknowledge newer edits (0.8143ms)
✔ all authored approach anchors are reachable without sweeping through any expanded obstacle (1.0467ms)
✔ retargeting and canceled notice operations cannot commit; fixed movement stays on legal floor (18.1409ms)
✔ save decoder rejects unknown identities, oversized, malformed, impossible physical and source facts without selective salvage (17.336ms)
✔ only a damaged pending playback is salvageable; a damaged historical premiere is not fabricated (1.8613ms)
✔ disk restoration retires old visit, marks uncertainty, pauses at committed cue boundary without replaying (6.1107ms)
✔ ER13.06 changed NPC, console and door approaches remain reachable with unchanged floor obstacles (7.3164ms)
✔ ER13.07 side workstation playback and legacy running saves validate, while walking away pauses (21.5688ms)
✔ ER13.06 actual pose bounds guard projection reuse when any scaled actor enters the screen (1.6829ms)
✔ ER13.07 real carry, follow, handoff and side-control route retains unread note ownership (185.5532ms)
✔ TASK11.20 encoded responses share native/Canvas ownership, bound bytes, and retire only unowned responses (2.2928ms)
✔ TASK11.20 encoded failed responses require retry and canceled old fetches cannot return a revoked URL (0.9373ms)
ℹ tests 116
ℹ suites 0
ℹ pass 116
ℹ fail 0
ℹ cancelled 0
ℹ skipped 0
ℹ todo 0
ℹ duration_ms 4190.1116
