
> evidence-quest@0.1.0 test:contracts
> npm run build:contracts && tsc -p tsconfig.checks.json && node scripts/prepare-checks.mjs && node --test .cache/checks/checks/*.test.js


> evidence-quest@0.1.0 build:contracts
> node scripts/build-contracts.mjs

Generated 48 schema-linked types and 8 standalone validators.
✔ authored and direct help count only native display; empty drafts make no request and no invented reading (27.1693ms)
✔ closed replies stay held; focused fallback survives arrival and wins once over duplicate/late selection (7.5644ms)
✔ relevant edits tombstone requests; save/focus/settings/movement do not; malformed/timeout fall back (4.252ms)
✔ valid current live proposal is still undisplayed until native acknowledgment and rejects hidden source references (5.4462ms)
✔ schema-linked fixed identity, tuple and puppet types retain selected contracts (0.6941ms)
✔ E2 source slices cannot turn the first frame or photo into later recording/notice facts (3.0816ms)
✔ all physical copies share exact canonical E6/E7 and no collection grants their reading (1.7995ms)
✔ ER13 opening is skippable, persists beats, and adds no source or puzzle outcomes; legacy restore preserves case (21.8433ms)
✔ ER13 reading and vocabulary records do not imply source reading, fluency, or gameplay success (4.2465ms)
✔ ER13 live provider uses canonical displayed sources, strict eligible projection, and bounded real fetch path (34.5073ms)
✔ T.VISIBILITY.RETURN preserves the open private draft, ignores duplicate return and never records a learning outcome (13.7662ms)
✔ T.VISIBILITY.HIDE/RETURN settles one active cue, preserves mode, and requires explicit Continue after acknowledgment (3.4404ms)
✔ G5: successful-first and recoverable placement lead to actual repair, baking and witnessed thanks (558.1855ms)
✔ G5: permission, material reach and scene preview are actual prerequisites; interruptions settle transfers once (116.2574ms)
✔ G5: invalid resource histories reject instead of fabricating tile or loaf progress (23.2202ms)
✔ Reading correction: an unshaped batch has a world consequence, retries from dry flour and preserves the repaired roof (225.2309ms)
✔ Full chapter: all nine actual outcomes, six records and immutable ending replay (2450.5764ms)
✔ Changed plans require actual updated invitations without deleting the writing (198.4951ms)
✔ Unsecured bridge actually fails, preserving possessions and all other progress (45.9053ms)
✔ A later edit never silently replaces Sol’s selected contribution (125.9513ms)
✔ Encounter v2 upgrades without inventing full-chapter completion (36.2463ms)
✔ Feedback: owned context, unavailable operation makes zero calls, malformed and stale proposals rejected (0.6753ms)
✔ Temporary audio encoding has a bounded mono WAV header and no persistence (0.2162ms)
✔ Listening assessment requires acoustic evidence and an explicit qualification policy (1.5905ms)
✔ Phrase help explains the actual phrase; Duet title withholds unread story details (0.2268ms)
✔ Reject invented outcome records and mismatched ending attendance on save (0.5764ms)
✔ Word jobs bind one occurrence to the current sentence and cannot replace reviewed meanings (134.0029ms)
✔ Continuity: dock duty precedes account, and offers follow the complete untimed conversation (43.2285ms)
✔ Continuity: Help, close and checksummed reload retain partial dialogue without inventing commitments (25.948ms)
✔ Continuity: Grandma-first physical play stays open; planning needs an actual account and report, never a page quota (111.9656ms)
✔ Continuity: remote rereading never completes a conversation or transfers an absent character’s page (32.4195ms)
✔ Continuity: Rina introduces the tile before permission; Sol presents the draft before choosing its ending (276.299ms)
✔ Continuity: synthetic legacy opened-only and committed saves are distinguished without resetting progress (1.0986ms)
✔ Continuous gathering keeps the entire original and chosen ending, committing only after the last automatic segment (12.0519ms)
✔ Mara and Grandma share every paragraph once while preserving the earlier playable bird repair (11.7511ms)
✔ Continuous playback rejects paused, overlay, background and obsolete callbacks and restores without completing a story (6.3713ms)
✔ Caption fallback progresses the full telling by elapsed time and stops for reading support (130.2103ms)
✔ Loop automatically finishes all four actual pictures, safely replays, and preserves an interrupted saved picture (20.9677ms)
✔ Finale: both actual memory placements settle once across interruption without changing the seed or earlier events (12.1288ms)
✔ Finale: nine source outcomes keep exact performed words and actual attendee pictures through closing and replay (278.447ms)
✔ Finale: finished replay starts at one; interrupted replay resumes its exact last picture, including picture four (16.6386ms)
✔ Finale: particular waiting and recorded flowers retain source return, ownership and selected words (17.1626ms)
✔ Gathering arrival commits each physical stage once and never invents arrival on reload (529.5075ms)
✔ Actual speaking turns preserve exact selected words and paragraph through source support and reload (435.601ms)
✔ Draft discussion and Grandma’s knowledge require actual spoken turns; corrupt phase claims are rejected (339.4238ms)
✔ Changing the selected wording preserves compatible invitations and Grandma’s readiness report (221.3095ms)
✔ G2-I01: nested sources, backpack and Help return to their actual parent without walking (27.6279ms)
✔ G2-I01/I06: a construction note and Pause preserve the construction return, cancel only the unplaced move (29.4614ms)
✔ G2-I03: a page handoff leaves the reader, settles once on interruption, and returns to Mara (39.079ms)
✔ G2-I04/I06: rehearsal has exact immutable input, no live-world effects, and freezes under Help (328.1834ms)
✔ G2-I04: a prepared rehearsal never overwrites the child draft before or after selection (221.7495ms)
✔ G2-I05: plan preview cannot invite, advance time, or accept Mara during her working hours (94.4196ms)
✔ G4: dock duty, either offer order, actual request and prior spontaneous agreement stay distinct (303.8122ms)
✔ G4: source alone never shares; actual repair and return preserve current-day facts, both pictures and repeat telling (296.2891ms)
✔ G4: consent, actual tape pickup and durable strip survive reload; previews and travel cancel on support (82.7472ms)
✔ G4: authored reach and withdrawal precede control, survive interruption and cannot advance pending garden growth (277.2315ms)
✔ Prepared relay is not a report, invitation, page handoff or time agreement; only actual delivery informs Grandma (81.5041ms)
✔ Own wording survives support/reload, needs intentional confirmation, and delivered words cannot be rewritten by drafts (82.8757ms)
✔ Blank or unconfirmed own message retains a prepared route; the game does not claim semantic validation (57.7797ms)
✔ Old completed reports remain valid without inventing delivered child words from old feedback answers (58.3185ms)
✔ Reading references bind the exact displayed text without claiming canonical source identity (3.9873ms)
✔ Local cancellation invalidates late speech callbacks and synchronously clears the registered owner (0.4163ms)
✔ Word support preserves dynamic text provenance and selected offsets in long writing (1.1157ms)
✔ Dynamic vocabulary uses the actual context, never a different character or story event (0.2304ms)
✔ Reading pages preserve the complete text while every recording reference is bounded (1.7333ms)
✔ Read-screen inspection preserves an unplaced choice and cannot perform it (2.497ms)
✔ Complete-story reading preserves source order and uses the performed ending instead of later edits (0.3953ms)
✔ G3: generous visible post previews retain explicit placement, orientation, join and actual crossing (57.9859ms)
✔ G3: no/near/far anchors survive collapse and reload; free movement cannot switch rope identity (474.1611ms)
✔ G3: boat navigation, wrong landing, obstruction, pause, reload, explicit unload and real receipt (69.1141ms)
✔ G3: first Grandma visit can agree only the later time after a real report, without a page, planting or Sol (49.0864ms)
✔ D029 / D081.R15.AC01-03: carried seed, actual walking, page report and source remain distinct (129.7549ms)
✔ Boat/bridge correction: seed boat never moves bridge sections, Pip or his page (137.5175ms)
✔ Boat/bridge correction: a fastened footbridge stays fixed during seed delivery (89.2513ms)
✔ Boat/bridge correction: placing or turning a section cannot block the boat channel (18.6732ms)
✔ D030 / D081.R15.AC02: visible wide gap, wrong anchor, loose end and direct correction (54.7348ms)
✔ D081.R15.AC04: five equal physical histories, including F between planting/growth and trailing F (238.9561ms)
✔ D081.R15.AC05: cancellation, blur and duplicate actions preserve one committed result (23.5071ms)
✔ D081.R15: scenery shares physical bounds; keyboard placement is reversible until committed (16.7241ms)
✔ D081.R16: modal/reading input cannot move Pip and hidden sources cannot be opened (7.2326ms)
✔ D081.R19: save checksums, corrupt data and immutable snapshots (2.0924ms)
✔ Boat/bridge correction: old saves retain progress and archiveable bytes without credit for the revised note (38.1167ms)
✔ Boat/bridge correction: completed old carried and ferried routes preserve their footbridge and outcomes (171.0751ms)
✔ Boat/bridge correction: migration rejects damage before relocating old objects (1.491ms)
✔ TASK11.02: every selectable source occurrence has a local meaning and exact reviewed source identity (2.0231ms)
✔ TASK11.20 image cache shares in-flight decodes, never evicts an active owner, and bounds inactive retained pixels (35.8598ms)
✔ TASK11.20 high-density images retire after their last owner and canceled old callbacks cannot resurrect a decode (14.6737ms)
✔ TASK11.20 failed image loads can be retried without an unbounded request loop (16.3227ms)
✔ TASK11.06 follower follows legal paths, yields at approaches, shares doors once, and remote owners cannot act (144.1214ms)
✔ TASK11.20 exact-size raster surfaces protect both active renderers and release on resize or source revision (2.5196ms)
✔ TASK11.20 rejected, incomplete and failed raster allocations cannot retain uncounted surfaces (0.8312ms)
✔ FIX11.TOOLS empty, text-only and excess Unicode drafts remain private; only actual revisions gain a prior snapshot (21.2862ms)
✔ FIX11.TOOLS owned comparison slots accept one or same-source details; relationships never change source chronology (31.74ms)
✔ FIX11.TOOLS timeline records only displayed metadata; request, notice, recording and post remain different events (12.6665ms)
✔ FIX11.TOOLS Follow is a private question; explicit Go walks public doors, can stop, and resumes no closed reader (34.6358ms)
✔ ER13 Stage mission describes each remaining physical handoff without a tile solution (0.8512ms)
✔ ER13 remembered Loop goal requires the actual visual exposure, not venue knowledge or a visit (35.6786ms)
✔ FIX11.CUE_RACE all six interruptions and callback orderings preserve exactly one endpoint in rehearsal and show (69.9409ms)
✔ FIX11.TERMINAL trailing harmless Ferry is consumed once; terminal pause cannot certify or premiere early (6.1447ms)
✔ fresh constructor is closed-schema valid and immutable; React snapshots retain identity until a command (5.1362ms)
✔ serialized effect callbacks can dispatch without clobbering an earlier snapshot (0.6651ms)
✔ transport callbacks allocate a fresh receipt even when given the entire parent envelope (28.0766ms)
✔ all 65 authored arrangements pass actual run/cue/finalization handlers and captions (94.401ms)
✔ interruption settles an active cue once, terminal resume finalizes without replay; edits preserve historical premiere (4.9195ms)
✔ save acknowledgment belongs to its captured case, visit and token; it cannot acknowledge newer edits (0.9171ms)
✔ all authored approach anchors are reachable without sweeping through any expanded obstacle (1.131ms)
✔ retargeting and canceled notice operations cannot commit; fixed movement stays on legal floor (17.0683ms)
✔ save decoder rejects unknown identities, oversized, malformed, impossible physical and source facts without selective salvage (17.7783ms)
✔ only a damaged pending playback is salvageable; a damaged historical premiere is not fabricated (1.5404ms)
✔ disk restoration retires old visit, marks uncertainty, pauses at committed cue boundary without replaying (5.2588ms)
✔ ER13.06 changed NPC, console and door approaches remain reachable with unchanged floor obstacles (7.3821ms)
✔ ER13.07 side workstation playback and legacy running saves validate, while walking away pauses (19.8786ms)
✔ ER13.06 actual pose bounds guard projection reuse when any scaled actor enters the screen (1.0414ms)
✔ ER13.07 real carry, follow, handoff and side-control route retains unread note ownership (160.5658ms)
✔ TASK11.20 encoded responses share native/Canvas ownership, bound bytes, and retire only unowned responses (2.4988ms)
✔ TASK11.20 encoded failed responses require retry and canceled old fetches cannot return a revoked URL (0.9792ms)
ℹ tests 116
ℹ suites 0
ℹ pass 116
ℹ fail 0
ℹ cancelled 0
ℹ skipped 0
ℹ todo 0
ℹ duration_ms 6620.2477
